[    6572ms] [INFO] %cDownload the React DevTools for a better development experience: https://react.dev/link/react-devtools font-weight:bold @ http://localhost:5179/node_modules/.vite/deps/react-dom_client.js?v=60fb84ec:20102
[  273691ms] ReferenceError: T3Preview is not defined
    at App (http://localhost:5179/src/App.tsx?t=1777477612380:130:92)
    at Object.react_stack_bottom_frame (http://localhost:5179/node_modules/.vite/deps/react-dom_client.js?v=60fb84ec:18509:20)
    at renderWithHooks (http://localhost:5179/node_modules/.vite/deps/react-dom_client.js?v=60fb84ec:5654:24)
    at updateFunctionComponent (http://localhost:5179/node_modules/.vite/deps/react-dom_client.js?v=60fb84ec:7475:21)
    at beginWork (http://localhost:5179/node_modules/.vite/deps/react-dom_client.js?v=60fb84ec:8525:20)
    at runWithFiberInDEV (http://localhost:5179/node_modules/.vite/deps/react-dom_client.js?v=60fb84ec:997:72)
    at performUnitOfWork (http://localhost:5179/node_modules/.vite/deps/react-dom_client.js?v=60fb84ec:12561:98)
    at workLoopSync (http://localhost:5179/node_modules/.vite/deps/react-dom_client.js?v=60fb84ec:12424:43)
    at renderRootSync (http://localhost:5179/node_modules/.vite/deps/react-dom_client.js?v=60fb84ec:12408:13)
    at performWorkOnRoot (http://localhost:5179/node_modules/.vite/deps/react-dom_client.js?v=60fb84ec:11827:37)
[  273687ms] [WARNING] %s

%s
 An error occurred in the <App> component. Consider adding an error boundary to your tree to customize error handling behavior.
Visit https://react.dev/link/error-boundaries to learn more about error boundaries. @ http://localhost:5179/node_modules/.vite/deps/react-dom_client.js?v=60fb84ec:6965
[  280800ms] [WARNING] No routes matched location "/__t3-preview"  @ http://localhost:5179/node_modules/.vite/deps/react-router-dom.js?v=b3e8dd23:646
[  280801ms] [WARNING] No routes matched location "/__t3-preview"  @ http://localhost:5179/node_modules/.vite/deps/react-router-dom.js?v=b3e8dd23:646
[  297453ms] [ERROR] Failed to load resource: the server responded with a status of 404 (Not Found) @ http://localhost:5179/src/__t3-preview.tsx?t=1777477636366:0
[  297454ms] [ERROR] [vite] Failed to reload /src/__t3-preview.tsx. This could be due to syntax errors or importing non-existent modules. (see errors above) @ http://localhost:5179/@vite/client:808
[  443439ms] [ERROR] WebSocket connection to 'ws://localhost:5179/?token=JwbH2opzF_MI' failed:  @ http://localhost:5179/@vite/client:744
[  443449ms] [LOG] [vite] server connection lost. Polling for restart... @ http://localhost:5179/@vite/client:864
